[    2238ms] [ERROR] Failed to load resource: the server responded with a status of 500 (Internal Server Error) @ http://localhost:3000/:0
[    2594ms] [INFO] %cDownload the React DevTools for a better development experience: https://react.dev/link/react-devtools font-weight:bold @ http://localhost:3000/_next/static/chunks/node_modules_react-dom_0bruynb._.js:15305
[    2646ms] Error: An unexpected Turbopack error occurred. Please see the output of `next dev` for more details.
    at getServerError (http://localhost:3000/_next/static/chunks/node_modules_next_dist_0u_w_5s._.js:2075:62)
    at http://localhost:3000/_next/static/chunks/node_modules_next_dist_client_0pe1dg-._.js:3676:27
[    2801ms] [LOG] [HMR] connected @ http://localhost:3000/_next/static/chunks/node_modules_next_dist_0u_w_5s._.js:1226
[   16926ms] [ERROR] WebSocket connection to 'ws://localhost:3000/_next/webpack-hmr' failed:  @ http://localhost:3000/_next/static/chunks/node_modules_next_dist_client_0pe1dg-._.js:2342
[   18429ms] [ERROR] WebSocket connection to 'ws://localhost:3000/_next/webpack-hmr' failed: Error in connection establishment: net::ERR_CONNECTION_REFUSED @ http://localhost:3000/_next/static/chunks/node_modules_next_dist_client_0pe1dg-._.js:2342
[   19442ms] [ERROR] WebSocket connection to 'ws://localhost:3000/_next/webpack-hmr' failed: Error in connection establishment: net::ERR_CONNECTION_REFUSED @ http://localhost:3000/_next/static/chunks/node_modules_next_dist_client_0pe1dg-._.js:2342
[   20446ms] [ERROR] WebSocket connection to 'ws://localhost:3000/_next/webpack-hmr' failed: Error in connection establishment: net::ERR_CONNECTION_REFUSED @ http://localhost:3000/_next/static/chunks/node_modules_next_dist_client_0pe1dg-._.js:2342
[   21450ms] [ERROR] WebSocket connection to 'ws://localhost:3000/_next/webpack-hmr' failed: Error in connection establishment: net::ERR_CONNECTION_REFUSED @ http://localhost:3000/_next/static/chunks/node_modules_next_dist_client_0pe1dg-._.js:2342
[   22456ms] [ERROR] WebSocket connection to 'ws://localhost:3000/_next/webpack-hmr' failed: Error in connection establishment: net::ERR_CONNECTION_REFUSED @ http://localhost:3000/_next/static/chunks/node_modules_next_dist_client_0pe1dg-._.js:2342
[   27473ms] [ERROR] WebSocket connection to 'ws://localhost:3000/_next/webpack-hmr' failed: Error in connection establishment: net::ERR_CONNECTION_REFUSED @ http://localhost:3000/_next/static/chunks/node_modules_next_dist_client_0pe1dg-._.js:2342
[   32497ms] [ERROR] WebSocket connection to 'ws://localhost:3000/_next/webpack-hmr' failed: Error in connection establishment: net::ERR_CONNECTION_REFUSED @ http://localhost:3000/_next/static/chunks/node_modules_next_dist_client_0pe1dg-._.js:2342
[   37529ms] [ERROR] WebSocket connection to 'ws://localhost:3000/_next/webpack-hmr' failed: Error in connection establishment: net::ERR_CONNECTION_REFUSED @ http://localhost:3000/_next/static/chunks/node_modules_next_dist_client_0pe1dg-._.js:2342
[   42567ms] [ERROR] WebSocket connection to 'ws://localhost:3000/_next/webpack-hmr' failed: Error in connection establishment: net::ERR_CONNECTION_REFUSED @ http://localhost:3000/_next/static/chunks/node_modules_next_dist_client_0pe1dg-._.js:2342
[   47600ms] [ERROR] WebSocket connection to 'ws://localhost:3000/_next/webpack-hmr' failed: Error in connection establishment: net::ERR_CONNECTION_REFUSED @ http://localhost:3000/_next/static/chunks/node_modules_next_dist_client_0pe1dg-._.js:2342
[   52653ms] [ERROR] WebSocket connection to 'ws://localhost:3000/_next/webpack-hmr' failed: Error in connection establishment: net::ERR_CONNECTION_REFUSED @ http://localhost:3000/_next/static/chunks/node_modules_next_dist_client_0pe1dg-._.js:2342
[   57924ms] [ERROR] WebSocket connection to 'ws://localhost:3000/_next/webpack-hmr' failed: Error in connection establishment: net::ERR_CONNECTION_REFUSED @ http://localhost:3000/_next/static/chunks/node_modules_next_dist_client_0pe1dg-._.js:2342
[   98445ms] [ERROR] Failed to load resource: the server responded with a status of 500 (Internal Server Error) @ http://localhost:3000/:0
[   99648ms] [INFO] %cDownload the React DevTools for a better development experience: https://react.dev/link/react-devtools font-weight:bold @ http://localhost:3000/_next/static/chunks/node_modules_react-dom_0bruynb._.js:15305
[   99768ms] Error: Failed to load external module @prisma/client-2c3a283f134fdcb6/runtime/client: ResolveMessage: Cannot find module '@prisma/client-2c3a283f134fdcb6/runtime/client' from '/Users/nora.pavel/AIday/.next/dev/server/chunks/ssr/[root-of-the-server]__0tg1nyq._.js'
    at externalRequire (file:///Users/nora.pavel/AIday/.next/dev/server/chunks/ssr/[turbopack]_runtime.js:624:19)
    at module evaluation (file:///Users/nora.pavel/AIday/.next/dev/server/chunks/ssr/[root-of-the-server]__0tg1nyq._.js:10804:35)
    at <anonymous> (file:///Users/nora.pavel/AIday/.next/dev/server/chunks/ssr/[turbopack]_runtime.js:1291:27)
    at <anonymous> (file:///Users/nora.pavel/AIday/.next/dev/server/chunks/ssr/[turbopack]_runtime.js:1554:9)
    at instantiateModuleShared (file:///Users/nora.pavel/AIday/.next/dev/server/chunks/ssr/[turbopack]_runtime.js:1289:9)
    at instantiateModule (file:///Users/nora.pavel/AIday/.next/dev/server/chunks/ssr/[turbopack]_runtime.js:1557:23)
    at getOrInstantiateModuleFromParent (file:///Users/nora.pavel/AIday/.next/dev/server/chunks/ssr/[turbopack]_runtime.js:1593:23)
    at esmImport (file:///Users/nora.pavel/AIday/.next/dev/server/chunks/ssr/[turbopack]_runtime.js:281:20)
    at module evaluation (file:///Users/nora.pavel/AIday/.next/dev/server/chunks/ssr/[root-of-the-server]__0hb3kgw._.js:29:258)
    at <anonymous> (file:///Users/nora.pavel/AIday/.next/dev/server/chunks/ssr/[turbopack]_runtime.js:1291:27)
    at <anonymous> (file:///Users/nora.pavel/AIday/.next/dev/server/chunks/ssr/[turbopack]_runtime.js:1554:9)
    at instantiateModuleShared (file:///Users/nora.pavel/AIday/.next/dev/server/chunks/ssr/[turbopack]_runtime.js:1289:9)
    at instantiateModule (file:///Users/nora.pavel/AIday/.next/dev/server/chunks/ssr/[turbopack]_runtime.js:1557:23)
    at getOrInstantiateModuleFromParent (file:///Users/nora.pavel/AIday/.next/dev/server/chunks/ssr/[turbopack]_runtime.js:1593:23)
    at esmImport (file:///Users/nora.pavel/AIday/.next/dev/server/chunks/ssr/[turbopack]_runtime.js:281:20)
    at module evaluation (file:///Users/nora.pavel/AIday/.next/dev/server/chunks/ssr/[root-of-the-server]__0hb3kgw._.js:216:180)
    at <anonymous> (file:///Users/nora.pavel/AIday/.next/dev/server/chunks/ssr/[turbopack]_runtime.js:1291:27)
    at <anonymous> (file:///Users/nora.pavel/AIday/.next/dev/server/chunks/ssr/[turbopack]_runtime.js:1554:9)
    at instantiateModuleShared (file:///Users/nora.pavel/AIday/.next/dev/server/chunks/ssr/[turbopack]_runtime.js:1289:9)
    at instantiateModule (file:///Users/nora.pavel/AIday/.next/dev/server/chunks/ssr/[turbopack]_runtime.js:1557:23)
    at getOrInstantiateModuleFromParent (file:///Users/nora.pavel/AIday/.next/dev/server/chunks/ssr/[turbopack]_runtime.js:1593:23)
    at esmImport (file:///Users/nora.pavel/AIday/.next/dev/server/chunks/ssr/[turbopack]_runtime.js:281:20)
    at <anonymous> (file:///Users/nora.pavel/AIday/.next/dev/server/chunks/ssr/[root-of-the-server]__0hb3kgw._.js:246:185)
    at asyncModule (file:///Users/nora.pavel/AIday/.next/dev/server/chunks/ssr/[turbopack]_runtime.js:525:5)
    at module evaluation (file:///Users/nora.pavel/AIday/.next/dev/server/chunks/ssr/[root-of-the-server]__0hb3kgw._.js:239:30)
    at <anonymous> (file:///Users/nora.pavel/AIday/.next/dev/server/chunks/ssr/[turbopack]_runtime.js:1291:27)
    at <anonymous> (file:///Users/nora.pavel/AIday/.next/dev/server/chunks/ssr/[turbopack]_runtime.js:1554:9)
    at instantiateModuleShared (file:///Users/nora.pavel/AIday/.next/dev/server/chunks/ssr/[turbopack]_runtime.js:1289:9)
    at instantiateModule (file:///Users/nora.pavel/AIday/.next/dev/server/chunks/ssr/[turbopack]_runtime.js:1557:23)
    at getOrInstantiateModuleFromParent (file:///Users/nora.pavel/AIday/.next/dev/server/chunks/ssr/[turbopack]_runtime.js:1593:23)
    at esmImport (file:///Users/nora.pavel/AIday/.next/dev/server/chunks/ssr/[turbopack]_runtime.js:281:20)
    at <anonymous> (file:///Users/nora.pavel/AIday/.next/dev/server/chunks/ssr/[root-of-the-server]__0hb3kgw._.js:327:156)
    at asyncModule (file:///Users/nora.pavel/AIday/.next/dev/server/chunks/ssr/[turbopack]_runtime.js:525:5)
    at module evaluation (file:///Users/nora.pavel/AIday/.next/dev/server/chunks/ssr/[root-of-the-server]__0hb3kgw._.js:313:30)
    at <anonymous> (file:///Users/nora.pavel/AIday/.next/dev/server/chunks/ssr/[turbopack]_runtime.js:1291:27)
    at <anonymous> (file:///Users/nora.pavel/AIday/.next/dev/server/chunks/ssr/[turbopack]_runtime.js:1554:9)
    at instantiateModuleShared (file:///Users/nora.pavel/AIday/.next/dev/server/chunks/ssr/[turbopack]_runtime.js:1289:9)
    at instantiateModule (file:///Users/nora.pavel/AIday/.next/dev/server/chunks/ssr/[turbopack]_runtime.js:1557:23)
    at getOrInstantiateModuleFromParent (file:///Users/nora.pavel/AIday/.next/dev/server/chunks/ssr/[turbopack]_runtime.js:1593:23)
    at esmImport (file:///Users/nora.pavel/AIday/.next/dev/server/chunks/ssr/[turbopack]_runtime.js:281:20)
    at <anonymous> (file:///Users/nora.pavel/AIday/.next/dev/server/chunks/ssr/[root-of-the-server]__04_tftx._.js:257:152)
    at asyncModule (file:///Users/nora.pavel/AIday/.next/dev/server/chunks/ssr/[turbopack]_runtime.js:525:5)
    at module evaluation (file:///Users/nora.pavel/AIday/.next/dev/server/chunks/ssr/[root-of-the-server]__04_tftx._.js:247:30)
    at <anonymous> (file:///Users/nora.pavel/AIday/.next/dev/server/chunks/ssr/[turbopack]_runtime.js:1291:27)
    at <anonymous> (file:///Users/nora.pavel/AIday/.next/dev/server/chunks/ssr/[turbopack]_runtime.js:1554:9)
    at instantiateModuleShared (file:///Users/nora.pavel/AIday/.next/dev/server/chunks/ssr/[turbopack]_runtime.js:1289:9)
    at instantiateModule (file:///Users/nora.pavel/AIday/.next/dev/server/chunks/ssr/[turbopack]_runtime.js:1557:23)
    at getOrInstantiateModuleFromParent (file:///Users/nora.pavel/AIday/.next/dev/server/chunks/ssr/[turbopack]_runtime.js:1593:23)
    at esmImport (file:///Users/nora.pavel/AIday/.next/dev/server/chunks/ssr/[turbopack]_runtime.js:281:20)
    at module evaluation (file:///Users/nora.pavel/AIday/.next/dev/server/chunks/ssr/[root-of-the-server]__04_tftx._.js:355:47)
[   99849ms] [LOG] [HMR] connected @ http://localhost:3000/_next/static/chunks/node_modules_next_dist_0u_w_5s._.js:1226
[  127959ms] [ERROR] WebSocket connection to 'ws://localhost:3000/_next/webpack-hmr' failed:  @ http://localhost:3000/_next/static/chunks/node_modules_next_dist_client_0pe1dg-._.js:2342
[  129565ms] [ERROR] WebSocket connection to 'ws://localhost:3000/_next/webpack-hmr' failed: Error in connection establishment: net::ERR_CONNECTION_REFUSED @ http://localhost:3000/_next/static/chunks/node_modules_next_dist_client_0pe1dg-._.js:2342
[  130573ms] [ERROR] WebSocket connection to 'ws://localhost:3000/_next/webpack-hmr' failed: Error in connection establishment: net::ERR_CONNECTION_REFUSED @ http://localhost:3000/_next/static/chunks/node_modules_next_dist_client_0pe1dg-._.js:2342
[  131578ms] [ERROR] WebSocket connection to 'ws://localhost:3000/_next/webpack-hmr' failed: Error in connection establishment: net::ERR_CONNECTION_REFUSED @ http://localhost:3000/_next/static/chunks/node_modules_next_dist_client_0pe1dg-._.js:2342
[  132583ms] [ERROR] WebSocket connection to 'ws://localhost:3000/_next/webpack-hmr' failed: Error in connection establishment: net::ERR_CONNECTION_REFUSED @ http://localhost:3000/_next/static/chunks/node_modules_next_dist_client_0pe1dg-._.js:2342
[  133593ms] [ERROR] WebSocket connection to 'ws://localhost:3000/_next/webpack-hmr' failed: Error in connection establishment: net::ERR_CONNECTION_REFUSED @ http://localhost:3000/_next/static/chunks/node_modules_next_dist_client_0pe1dg-._.js:2342
[  138599ms] [ERROR] WebSocket connection to 'ws://localhost:3000/_next/webpack-hmr' failed: Error in connection establishment: net::ERR_CONNECTION_REFUSED @ http://localhost:3000/_next/static/chunks/node_modules_next_dist_client_0pe1dg-._.js:2342
[  143619ms] [ERROR] WebSocket connection to 'ws://localhost:3000/_next/webpack-hmr' failed: Error in connection establishment: net::ERR_CONNECTION_REFUSED @ http://localhost:3000/_next/static/chunks/node_modules_next_dist_client_0pe1dg-._.js:2342
[  148770ms] [ERROR] WebSocket connection to 'ws://localhost:3000/_next/webpack-hmr' failed: Connection closed before receiving a handshake response @ http://localhost:3000/_next/static/chunks/node_modules_next_dist_client_0pe1dg-._.js:2342
[  153822ms] [ERROR] WebSocket connection to 'ws://localhost:3000/_next/webpack-hmr' failed: Error in connection establishment: net::ERR_CONNECTION_REFUSED @ http://localhost:3000/_next/static/chunks/node_modules_next_dist_client_0pe1dg-._.js:2342
[  201740ms] [INFO] %cDownload the React DevTools for a better development experience: https://react.dev/link/react-devtools font-weight:bold @ http://localhost:3000/_next/static/chunks/node_modules_next_dist_115brz8._.js:2431
[  201885ms] [LOG] [HMR] connected @ http://localhost:3000/_next/static/chunks/node_modules_next_dist_115brz8._.js:2431
[  203939ms] [LOG] [Fast Refresh] rebuilding @ http://localhost:3000/_next/static/chunks/node_modules_next_dist_115brz8._.js:2431
[  204484ms] [LOG] [Fast Refresh] done in 654ms @ http://localhost:3000/_next/static/chunks/node_modules_next_dist_115brz8._.js:2431
[  206323ms] [LOG] [Fast Refresh] rebuilding @ http://localhost:3000/_next/static/chunks/node_modules_next_dist_115brz8._.js:2431
[  206332ms] [LOG] [Fast Refresh] done in 110ms @ http://localhost:3000/_next/static/chunks/node_modules_next_dist_115brz8._.js:2431
[  209239ms] [LOG] [Fast Refresh] rebuilding @ http://localhost:3000/_next/static/chunks/node_modules_next_dist_115brz8._.js:2431
[  209356ms] [LOG] [Fast Refresh] done in 217ms @ http://localhost:3000/_next/static/chunks/node_modules_next_dist_115brz8._.js:2431
[  209695ms] [LOG] [Fast Refresh] rebuilding @ http://localhost:3000/_next/static/chunks/node_modules_next_dist_115brz8._.js:2431
[  211802ms] [LOG] [Fast Refresh] done in 2208ms @ http://localhost:3000/_next/static/chunks/node_modules_next_dist_115brz8._.js:2431
[  212901ms] [LOG] [Fast Refresh] rebuilding @ http://localhost:3000/_next/static/chunks/node_modules_next_dist_115brz8._.js:2431
[  212902ms] [LOG] [Fast Refresh] done in 101ms @ http://localhost:3000/_next/static/chunks/node_modules_next_dist_115brz8._.js:2431
