[    1514ms] [INFO] %cDownload the React DevTools for a better development experience: https://react.dev/link/react-devtools font-weight:bold @ http://localhost:3000/_next/static/chunks/node_modules_next_dist_115brz8._.js:2431
[    2449ms] [LOG] [HMR] connected @ http://localhost:3000/_next/static/chunks/node_modules_next_dist_115brz8._.js:2431
[   12528ms] [ERROR] Failed to load resource: the server responded with a status of 500 (Internal Server Error) @ http://localhost:3000/:0
[   12546ms] PrismaClientValidationError: 
Invalid `__TURBOPACK__imported__module__$5b$project$5d2f$src$2f$lib$2f$prisma$2f$prisma$2e$ts__$5b$app$2d$rsc$5d$__$28$ecmascript$29$__["default"].item.create()` invocation in
/Users/nora.pavel/AIday/.next/dev/server/chunks/ssr/[root-of-the-server]__0hb3kgw._.js:414:166

  411 }
  412 async function createItem(input) {
  413     const tagRecords = await (0, __TURBOPACK__imported__module__$5b$project$5d2f$src$2f$lib$2f$dao$2f$tags$2e$ts__$5b$app$2d$rsc$5d$__$28$ecmascript$29$__["upsertTags"])(input.tags);
→ 414     const row = await __TURBOPACK__imported__module__$5b$project$5d2f$src$2f$lib$2f$prisma$2f$prisma$2e$ts__$5b$app$2d$rsc$5d$__$28$ecmascript$29$__["default"].item.create({
            data: {
              title: "sv",
              summary: "sdv",
              content: null,
              type: "note",
              url: null,
              topic: "Visual Design",
              industry: "General",
              author: "You",
              locked: true,
              ~~~~~~
              tags: {
                create: [
                  {
                    tagId: "cmpy0v0z10002vtuhncw9yo8s"
                  }
                ]
              },
          ?   id?: String,
          ?   createdAt?: DateTime
            },
            include: {
              tags: {
                include: {
                  tag: true
                }
              }
            }
          })

Unknown argument `locked`. Available options are marked with ?.
    at resolveErrorDev (http://localhost:3000/_next/static/chunks/node_modules_next_dist_compiled_react-server-dom-turbopack_0p3wegg._.js:1919:105)
    at processFullStringRow (http://localhost:3000/_next/static/chunks/node_modules_next_dist_compiled_react-server-dom-turbopack_0p3wegg._.js:2434:29)
    at processFullBinaryRow (http://localhost:3000/_next/static/chunks/node_modules_next_dist_compiled_react-server-dom-turbopack_0p3wegg._.js:2393:9)
    at processBinaryChunk (http://localhost:3000/_next/static/chunks/node_modules_next_dist_compiled_react-server-dom-turbopack_0p3wegg._.js:2502:221)
    at progress (http://localhost:3000/_next/static/chunks/node_modules_next_dist_compiled_react-server-dom-turbopack_0p3wegg._.js:2689:13)
[   12595ms] [LOG] [Fast Refresh] rebuilding @ http://localhost:3000/_next/static/chunks/node_modules_next_dist_115brz8._.js:2431
[   12666ms] [LOG] [Fast Refresh] done in 171ms @ http://localhost:3000/_next/static/chunks/node_modules_next_dist_115brz8._.js:2431
[   12773ms] [LOG] [Fast Refresh] rebuilding @ http://localhost:3000/_next/static/chunks/node_modules_next_dist_115brz8._.js:2431
[   12794ms] [LOG] [Fast Refresh] done in 122ms @ http://localhost:3000/_next/static/chunks/node_modules_next_dist_115brz8._.js:2431
[   48504ms] [LOG] [Fast Refresh] rebuilding @ http://localhost:3000/_next/static/chunks/node_modules_next_dist_115brz8._.js:2431
[   48519ms] [LOG] [Fast Refresh] done in 118ms @ http://localhost:3000/_next/static/chunks/node_modules_next_dist_115brz8._.js:2431
[   49877ms] [INFO] %cDownload the React DevTools for a better development experience: https://react.dev/link/react-devtools font-weight:bold @ http://localhost:3000/_next/static/chunks/node_modules_next_dist_115brz8._.js:2431
[   50582ms] [LOG] [HMR] connected @ http://localhost:3000/_next/static/chunks/node_modules_next_dist_115brz8._.js:2431
