[    1500ms] [INFO] %cDownload the React DevTools for a better development experience: https://react.dev/link/react-devtools font-weight:bold @ http://localhost:3000/_next/static/chunks/node_modules_next_dist_115brz8._.js:2431
[    2207ms] [LOG] [HMR] connected @ http://localhost:3000/_next/static/chunks/node_modules_next_dist_115brz8._.js:2431
[   41835ms] [LOG] [Fast Refresh] rebuilding @ http://localhost:3000/_next/static/chunks/node_modules_next_dist_115brz8._.js:2431
[   41849ms] [LOG] [Fast Refresh] done in 115ms @ http://localhost:3000/_next/static/chunks/node_modules_next_dist_115brz8._.js:2431
[  112885ms] [LOG] [Fast Refresh] rebuilding @ http://localhost:3000/_next/static/chunks/node_modules_next_dist_115brz8._.js:2431
[  112953ms] [LOG] [Fast Refresh] done in 171ms @ http://localhost:3000/_next/static/chunks/node_modules_next_dist_115brz8._.js:2431
[  132840ms] [LOG] [Fast Refresh] rebuilding @ http://localhost:3000/_next/static/chunks/node_modules_next_dist_115brz8._.js:2431
[  134795ms] [LOG] [Fast Refresh] done in 2062ms @ http://localhost:3000/_next/static/chunks/node_modules_next_dist_115brz8._.js:2431
[  147022ms] [LOG] [Fast Refresh] rebuilding @ http://localhost:3000/_next/static/chunks/node_modules_next_dist_115brz8._.js:2431
[  147369ms] [ERROR] Failed to load resource: the server responded with a status of 500 (Internal Server Error) @ http://localhost:3000/:0
[  147381ms] [LOG] [Fast Refresh] done in 461ms @ http://localhost:3000/_next/static/chunks/node_modules_next_dist_115brz8._.js:2431
[  147475ms] PrismaClientValidationError: 
Invalid `__TURBOPACK__imported__module__$5b$project$5d2f$src$2f$lib$2f$prisma$2f$prisma$2e$ts__$5b$app$2d$rsc$5d$__$28$ecmascript$29$__["default"].item.create()` invocation in
/Users/nora.pavel/AIday/.next/dev/server/chunks/ssr/[root-of-the-server]__0hb3kgw._.js:414:166

  411 }
  412 async function createItem(input) {
  413     const tagRecords = await (0, __TURBOPACK__imported__module__$5b$project$5d2f$src$2f$lib$2f$dao$2f$tags$2e$ts__$5b$app$2d$rsc$5d$__$28$ecmascript$29$__["upsertTags"])(input.tags);
→ 414     const row = await __TURBOPACK__imported__module__$5b$project$5d2f$src$2f$lib$2f$prisma$2f$prisma$2e$ts__$5b$app$2d$rsc$5d$__$28$ecmascript$29$__["default"].item.create({
            data: {
              title: "Test entry",
              summary: "Testing that add works",
              content: null,
              type: "note",
              url: null,
              topic: "Interaction",
              industry: "General",
              author: "You",
              locked: false,
              ~~~~~~
              tags: {
                create: []
              },
          ?   id?: String,
          ?   createdAt?: DateTime
            },
            include: {
              tags: {
                include: {
                  tag: true
                }
              }
            }
          })

Unknown argument `locked`. Available options are marked with ?.
    at resolveErrorDev (http://localhost:3000/_next/static/chunks/node_modules_next_dist_compiled_react-server-dom-turbopack_0p3wegg._.js:1919:105)
    at processFullStringRow (http://localhost:3000/_next/static/chunks/node_modules_next_dist_compiled_react-server-dom-turbopack_0p3wegg._.js:2434:29)
    at processFullBinaryRow (http://localhost:3000/_next/static/chunks/node_modules_next_dist_compiled_react-server-dom-turbopack_0p3wegg._.js:2393:9)
    at processBinaryChunk (http://localhost:3000/_next/static/chunks/node_modules_next_dist_compiled_react-server-dom-turbopack_0p3wegg._.js:2502:221)
    at progress (http://localhost:3000/_next/static/chunks/node_modules_next_dist_compiled_react-server-dom-turbopack_0p3wegg._.js:2689:13)
[  147771ms] [LOG] [Fast Refresh] rebuilding @ http://localhost:3000/_next/static/chunks/node_modules_next_dist_115brz8._.js:2431
[  147772ms] [LOG] [Fast Refresh] done in 380ms @ http://localhost:3000/_next/static/chunks/node_modules_next_dist_115brz8._.js:2431
[  149031ms] [LOG] [Fast Refresh] rebuilding @ http://localhost:3000/_next/static/chunks/node_modules_next_dist_115brz8._.js:2431
[  149155ms] [LOG] [Fast Refresh] done in 226ms @ http://localhost:3000/_next/static/chunks/node_modules_next_dist_115brz8._.js:2431
[  210698ms] [LOG] [Fast Refresh] rebuilding @ http://localhost:3000/_next/static/chunks/node_modules_next_dist_115brz8._.js:2431
[  210795ms] [LOG] [Fast Refresh] done in 202ms @ http://localhost:3000/_next/static/chunks/node_modules_next_dist_115brz8._.js:2431
[  212092ms] [INFO] %cDownload the React DevTools for a better development experience: https://react.dev/link/react-devtools font-weight:bold @ http://localhost:3000/_next/static/chunks/node_modules_next_dist_115brz8._.js:2431
[  212797ms] [LOG] [HMR] connected @ http://localhost:3000/_next/static/chunks/node_modules_next_dist_115brz8._.js:2431
[  225927ms] [ERROR] WebSocket connection to 'ws://localhost:3000/_next/webpack-hmr?id=sl2kBOm1Cj_IV_QeEwS6n' failed: Error in connection establishment: net::ERR_CONNECTION_REFUSED @ http://localhost:3000/_next/static/chunks/node_modules_next_dist_client_0fhqo1d._.js:13299
[  227958ms] [ERROR] WebSocket connection to 'ws://localhost:3000/_next/webpack-hmr?id=sl2kBOm1Cj_IV_QeEwS6n' failed: Connection closed before receiving a handshake response @ http://localhost:3000/_next/static/chunks/node_modules_next_dist_client_0fhqo1d._.js:13299
[  228973ms] [ERROR] WebSocket connection to 'ws://localhost:3000/_next/webpack-hmr?id=sl2kBOm1Cj_IV_QeEwS6n' failed: Error in connection establishment: net::ERR_CONNECTION_REFUSED @ http://localhost:3000/_next/static/chunks/node_modules_next_dist_client_0fhqo1d._.js:13299
[  230001ms] [ERROR] WebSocket connection to 'ws://localhost:3000/_next/webpack-hmr?id=sl2kBOm1Cj_IV_QeEwS6n' failed: Error in connection establishment: net::ERR_CONNECTION_REFUSED @ http://localhost:3000/_next/static/chunks/node_modules_next_dist_client_0fhqo1d._.js:13299
[  231009ms] [ERROR] WebSocket connection to 'ws://localhost:3000/_next/webpack-hmr?id=sl2kBOm1Cj_IV_QeEwS6n' failed: Error in connection establishment: net::ERR_CONNECTION_REFUSED @ http://localhost:3000/_next/static/chunks/node_modules_next_dist_client_0fhqo1d._.js:13299
[  236018ms] [ERROR] WebSocket connection to 'ws://localhost:3000/_next/webpack-hmr?id=sl2kBOm1Cj_IV_QeEwS6n' failed: Error in connection establishment: net::ERR_CONNECTION_REFUSED @ http://localhost:3000/_next/static/chunks/node_modules_next_dist_client_0fhqo1d._.js:13299
[  241028ms] [ERROR] WebSocket connection to 'ws://localhost:3000/_next/webpack-hmr?id=sl2kBOm1Cj_IV_QeEwS6n' failed: Error in connection establishment: net::ERR_CONNECTION_REFUSED @ http://localhost:3000/_next/static/chunks/node_modules_next_dist_client_0fhqo1d._.js:13299
[  244406ms] [ERROR] Failed to load resource: net::ERR_CONNECTION_REFUSED @ http://localhost:3000/:0
[  244434ms] TypeError: Failed to fetch
    at fetchServerAction (http://localhost:3000/_next/static/chunks/node_modules_next_dist_client_0fhqo1d._.js:11109:23)
[  244463ms] [ERROR] WebSocket is already in CLOSING or CLOSED state. @ http://localhost:3000/_next/static/chunks/node_modules_next_dist_115brz8._.js:2790
[  244463ms] [ERROR] Failed to load resource: net::ERR_CONNECTION_REFUSED @ http://localhost:3000/__nextjs_original-stack-frames:0
[  246031ms] [ERROR] WebSocket connection to 'ws://localhost:3000/_next/webpack-hmr?id=sl2kBOm1Cj_IV_QeEwS6n' failed: Error in connection establishment: net::ERR_CONNECTION_REFUSED @ http://localhost:3000/_next/static/chunks/node_modules_next_dist_client_0fhqo1d._.js:13299
[  285613ms] [INFO] %cDownload the React DevTools for a better development experience: https://react.dev/link/react-devtools font-weight:bold @ http://localhost:3000/_next/static/chunks/node_modules_next_dist_115brz8._.js:2431
[  286018ms] [LOG] [HMR] connected @ http://localhost:3000/_next/static/chunks/node_modules_next_dist_115brz8._.js:2431
[  286122ms] [LOG] [Fast Refresh] rebuilding @ http://localhost:3000/_next/static/chunks/node_modules_next_dist_115brz8._.js:2431
[  286242ms] [LOG] [Fast Refresh] done in 222ms @ http://localhost:3000/_next/static/chunks/node_modules_next_dist_115brz8._.js:2431
